1758143493470	geckodriver	INFO	Listening on 127.0.0.1:53053
1758143496566	mozrunner::runner	INFO	Running command: "C:\\Program Files\\Mozilla Firefox\\firefox.exe" "--marionette" "-no-remote" "-profile" "C:\\Users\\JEFFER~1\\AppData\\Local\\Temp\\rust_mozprofilevYfdV6"
console.warn: services.settings: Ignoring preference override of remote settings server
console.warn: services.settings: Allow by setting MOZ_REMOTE_SETTINGS_DEVTOOLS=1 in the environment
1758143497543	Marionette	INFO	Marionette enabled
Dynamically enable window occlusion 0
1758143497638	Marionette	INFO	Listening on port 53064
Read port: 53064
1758143497750	RemoteAgent	WARN	TLS certificate errors will be ignored for this session
console.warn: LoginRecipes: "Falling back to a synchronous message for: https://jornadarpa.com.br."
console.warn: LoginRecipes: "Falling back to a synchronous message for: https://jornadarpa.com.br."
1758143939745	Marionette	INFO	Stopped listening on port 53064
Dynamically enable window occlusion 1
console.error: "Failed to fetch https://ads.mozilla.org/v1/delete_user:" "NetworkError when attempting to fetch resource."
console.warn: TopSitesFeed: Failed to fetch data from MARS server: NetworkError when attempting to fetch resource.
JavaScript error: resource://services-settings/RemoteSettingsClient.sys.mjs, line 102: Error: Unknown callback
1758143945532	geckodriver	INFO	Listening on 127.0.0.1:53233
1758143948648	mozrunner::runner	INFO	Running command: "C:\\Program Files\\Mozilla Firefox\\firefox.exe" "--marionette" "-no-remote" "-profile" "C:\\Users\\JEFFER~1\\AppData\\Local\\Temp\\rust_mozprofileWroxY0"
console.warn: services.settings: Ignoring preference override of remote settings server
console.warn: services.settings: Allow by setting MOZ_REMOTE_SETTINGS_DEVTOOLS=1 in the environment
1758143949600	Marionette	INFO	Marionette enabled
Dynamically enable window occlusion 0
1758143949697	Marionette	INFO	Listening on port 53244
Read port: 53244
1758143949822	RemoteAgent	WARN	TLS certificate errors will be ignored for this session
console.warn: LoginRecipes: "Falling back to a synchronous message for: https://jornadarpa.com.br."
console.warn: LoginRecipes: "Falling back to a synchronous message for: https://jornadarpa.com.br."
1758143955483	Marionette	INFO	Stopped listening on port 53244
Dynamically enable window occlusion 1
console.error: "Failed to fetch https://ads.mozilla.org/v1/delete_user:" "NetworkError when attempting to fetch resource."
console.warn: TopSitesFeed: Failed to fetch data from MARS server: NetworkError when attempting to fetch resource.
JavaScript error: resource://services-settings/RemoteSettingsClient.sys.mjs, line 102: Error: Unknown callback
1758143963959	geckodriver	INFO	Listening on 127.0.0.1:53273
1758143967050	mozrunner::runner	INFO	Running command: "C:\\P1758143968660	mozrunner::runner	INFO	Running command: "C:\\Program Files\\Mozilla Firefox\\firefox.exe" "--marionette" "-no-remote" "-profile" "C:\\Users\\JEFFER~1\\AppData\\Local\\Temp\\rust_mozprofile5x1tA1"
console.warn: services.settings: Ignoring preference override of remote settings server
console.warn: services.settings: Allow by setting MOZ_REMOTE_SETTINGS_DEVTOOLS=1 in the environment
1758143969029	Marionette	INFO	Marionette enabled
Dynamically enable window occlusion 0
1758143969139	Marionette	INFO	Listening on port 53299
Read port: 53299
1758143969277	RemoteAgent	WAconsole.warn: LoginRecipes: "Falling back to a synchronous mconsole.warn: LoginRecipes: "Falling back to a synchronous message for: https://jornadarpa.com.br."
console.warn: LoginRecipes: "Falling back1758143989866	Marionette	INFO	Stopped listening on port 53291
Dynamically enable window occlusion 1
console.error: "Failed to fetch https://ads.mozilla.org/v1/delete_user:" "NetworkError when attempting to fetch resource."
console.warn: TopSitesFeed: Failed to fetch data from MARS server: NetworkError when attempting to fetch resource.
JavaScript error: resource://services-settings/RemoteSettingsClient.sys.mjs, line 102: Error: Unknown callback
eSettingsClient.sys.mjs, line 102: Error: Unknown callback
